
  [30;42;1m PASS [39;49;22m[39m Tests\Unit\ExampleTest[39m
  [32;1m✓[39;22m[90m [39m[90mthat true is true[39m

  [30;42;1m PASS [39;49;22m[39m Tests\Feature\Appointments\AppointmentAvailabilityTest[39m
  [32;1m✓[39;22m[90m [39m[90mtime inside regular schedule is available[39m[90m                                                                                                           [39m [90m0.99s[39m  
  [32;1m✓[39;22m[90m [39m[90mtime before regular schedule is not available[39m[90m                                                                                                       [39m [90m0.06s[39m  
  [32;1m✓[39;22m[90m [39m[90mappointment must end inside regular schedule[39m[90m                                                                                                        [39m [90m0.06s[39m  
  [32;1m✓[39;22m[90m [39m[90mday without schedule is not available[39m[90m                                                                                                               [39m [90m0.06s[39m  
  [32;1m✓[39;22m[90m [39m[90mfull day block exception makes day unavailable[39m[90m                                                                                                      [39m [90m0.06s[39m  
  [32;1m✓[39;22m[90m [39m[90mpartial block exception blocks only that period[39m[90m                                                                                                     [39m [90m0.05s[39m  
  [32;1m✓[39;22m[90m [39m[90mavailable exception can open extraordinary schedule[39m[90m                                                                                                 [39m [90m0.06s[39m  
  [32;1m✓[39;22m[90m [39m[90mexisting appointment blocks overlapping time[39m[90m                                                                                                        [39m [90m0.07s[39m  
  [32;1m✓[39;22m[90m [39m[90mcancelled appointment does not block availability[39m[90m                                                                                                   [39m [90m0.06s[39m  
  [32;1m✓[39;22m[90m [39m[90mno show appointment does not block availability[39m[90m                                                                                                     [39m [90m0.07s[39m  
  [32;1m✓[39;22m[90m [39m[90mschedule buffers block adjacent appointments[39m[90m                                                                                                        [39m [90m0.07s[39m  
  [32;1m✓[39;22m[90m [39m[90mappointment can be ignored when checking reschedule[39m[90m                                                                                                 [39m [90m0.06s[39m  

  [39;41;1m FAIL [39;49;22m[39m Tests\Feature\Appointments\AppointmentConsultationFlowTest[39m
  [32;1m✓[39;22m[90m [39m[90mstarting appointment changes status to in progress[39m[90m                                                                                                  [39m [90m0.20s[39m  
  [32;1m✓[39;22m[90m [39m[90mstarting appointment redirects to consultation form with appointment uuid[39m[90m                                                                           [39m [90m0.08s[39m  
  [31;1m⨯[39;22m[90m [39m[90mconsultation form loads in progress appointment[39m[90m                                                                                                     [39m [90m0.12s[39m  
  [31;1m⨯[39;22m[90m [39m[90mconsultation created from appointment is linked to appointment[39m[90m                                                                                      [39m [90m0.10s[39m  
  [31;1m⨯[39;22m[90m [39m[90msaving consultation completes appointment automatically[39m[90m                                                                                             [39m [90m0.08s[39m  
  [31;1m⨯[39;22m[90m [39m[90mconsultation created without appointment still works[39m[90m                                                                                                [39m [90m0.09s[39m  
  [32;1m✓[39;22m[90m [39m[90mconsultation form rejects appointment from another patient[39m[90m                                                                                          [39m [90m0.15s[39m  
  [32;1m✓[39;22m[90m [39m[90mconsultation form rejects appointment not in progress[39m[90m                                                                                               [39m [90m0.12s[39m  
  [32;1m✓[39;22m[90m [39m[90mappointment has one consultation relation[39m[90m                                                                                                           [39m [90m0.07s[39m  

  [30;42;1m PASS [39;49;22m[39m Tests\Feature\Appointments\AppointmentCreateTest[39m
  [32;1m✓[39;22m[90m [39m[90muser can open create appointment page[39m[90m                                                                                                               [39m [90m0.11s[39m  
  [32;1m✓[39;22m[90m [39m[90muser can search patient by name[39m[90m                                                                                                                     [39m [90m0.08s[39m  
  [32;1m✓[39;22m[90m [39m[90muser can select existing patient[39m[90m                                                                                                                    [39m [90m0.09s[39m  
  [32;1m✓[39;22m[90m [39m[90muser can clear selected patient[39m[90m                                                                                                                     [39m [90m0.10s[39m  
  [32;1m✓[39;22m[90m [39m[90muser can open and close quick patient modal[39m[90m                                                                                                         [39m [90m0.10s[39m  
  [32;1m✓[39;22m[90m [39m[90muser can create quick patient and it is selected[39m[90m                                                                                                    [39m [90m0.22s[39m  
  [32;1m✓[39;22m[90m [39m[90mquick patient requires first and last name[39m[90m                                                                                                          [39m [90m0.14s[39m  
  [32;1m✓[39;22m[90m [39m[90mquick patient rejects invalid email[39m[90m                                                                                                                 [39m [90m0.16s[39m  
  [32;1m✓[39;22m[90m [39m[90mquick patient rejects future birth date[39m[90m                                                                                                             [39m [90m0.14s[39m  
  [32;1m✓[39;22m[90m [39m[90mavailable slots are displayed from doctor schedule[39m[90m                                                                                                  [39m [90m0.13s[39m  
  [32;1m✓[39;22m[90m [39m[90muser can create appointment with available slot[39m[90m                                                                                                     [39m [90m0.48s[39m  
  [32;1m✓[39;22m[90m [39m[90mappointment requires patient[39m[90m                                                                                                                        [39m [90m0.20s[39m  
  [32;1m✓[39;22m[90m [39m[90mappointment requires available time[39m[90m                                                                                                                 [39m [90m0.19s[39m  
  [32;1m✓[39;22m[90m [39m[90muser cannot create appointment outside schedule[39m[90m                                                                                                     [39m [90m0.24s[39m  
  [32;1m✓[39;22m[90m [39m[90muser cannot create overlapping appointment[39m[90m                                                                                                          [39m [90m0.41s[39m  
  [32;1m✓[39;22m[90m [39m[90muser cannot select patient from another tenant[39m[90m                                                                                                      [39m [90m0.09s[39m  
  [32;1m✓[39;22m[90m [39m[90mquick patient is created in current tenant[39m[90m                                                                                                          [39m [90m0.16s[39m  
  [32;1m✓[39;22m[90m [39m[90muser cannot open appointment from another tenant[39m[90m                                                                                                    [39m [90m0.09s[39m  

  [30;42;1m PASS [39;49;22m[39m Tests\Feature\Appointments\AppointmentEditTest[39m
  [32;1m✓[39;22m[90m [39m[90muser can open edit page for scheduled appointment[39m[90m                                                                                                   [39m [90m0.12s[39m  
  [32;1m✓[39;22m[90m [39m[90muser can open edit page for confirmed appointment[39m[90m                                                                                                   [39m [90m0.09s[39m  
  [32;1m✓[39;22m[90m [39m[90medit component loads current reason and notes[39m[90m                                                                                                       [39m [90m0.08s[39m  
  [32;1m✓[39;22m[90m [39m[90muser can update appointment reason and notes[39m[90m                                                                                                        [39m [90m0.13s[39m  
  [32;1m✓[39;22m[90m [39m[90muser can clear reason and notes[39m[90m                                                                                                                     [39m [90m0.11s[39m  
  [32;1m✓[39;22m[90m [39m[90mreason cannot exceed maximum length[39m[90m                                                                                                                 [39m [90m0.10s[39m  
  [32;1m✓[39;22m[90m [39m[90mnotes cannot exceed maximum length[39m[90m                                                                                                                  [39m [90m0.12s[39m  
  [32;1m✓[39;22m[90m [39m[90mchecked in appointment cannot be edited[39m[90m                                                                                                             [39m [90m0.09s[39m  
  [32;1m✓[39;22m[90m [39m[90min progress appointment cannot be edited[39m[90m                                                                                                            [39m [90m0.08s[39m  
  [32;1m✓[39;22m[90m [39m[90mcompleted appointment cannot be edited[39m[90m                                                                                                              [39m [90m0.09s[39m  
  [32;1m✓[39;22m[90m [39m[90mcancelled appointment cannot be edited[39m[90m                                                                                                              [39m [90m0.08s[39m  
  [32;1m✓[39;22m[90m [39m[90mno show appointment cannot be edited[39m[90m                                                                                                                [39m [90m0.11s[39m  
  [32;1m✓[39;22m[90m [39m[90mmodel rejects updating details from invalid status[39m[90m                                                                                                  [39m [90m0.07s[39m  
  [32;1m✓[39;22m[90m [39m[90muser cannot open edit page for appointment from another tenant[39m[90m                                                                                      [39m [90m0.10s[39m  

  [30;42;1m PASS [39;49;22m[39m Tests\Feature\Appointments\AppointmentIndexTest[39m
  [32;1m✓[39;22m[90m [39m[90muser can open appointments index[39m[90m                                                                                                                    [39m [90m0.15s[39m  
  [32;1m✓[39;22m[90m [39m[90mmonth view is default[39m[90m                                                                                                                               [39m [90m0.11s[39m  
  [32;1m✓[39;22m[90m [39m[90muser can switch between month week and day views[39m[90m                                                                                                    [39m [90m0.14s[39m  
  [32;1m✓[39;22m[90m [39m[90minvalid view mode is ignored[39m[90m                                                                                                                        [39m [90m0.12s[39m  
  [32;1m✓[39;22m[90m [39m[90mselecting day changes to day view[39m[90m                                                                                                                   [39m [90m0.12s[39m  
  [32;1m✓[39;22m[90m [39m[90mprevious and next period work in month view[39m[90m                                                                                                         [39m [90m0.19s[39m  
  [32;1m✓[39;22m[90m [39m[90mprevious and next period work in week view[39m[90m                                                                                                          [39m [90m0.16s[39m  
  [32;1m✓[39;22m[90m [39m[90mprevious and next period work in day view[39m[90m                                                                                                           [39m [90m0.16s[39m  
  [32;1m✓[39;22m[90m [39m[90mtoday action returns to current date[39m[90m                                                                                                                [39m [90m0.15s[39m  
  [32;1m✓[39;22m[90m [39m[90mmonth view displays appointments[39m[90m                                                                                                                    [39m [90m0.19s[39m  
  [32;1m✓[39;22m[90m [39m[90mweek view displays appointments[39m[90m                                                                                                                     [39m [90m0.23s[39m  
  [32;1m✓[39;22m[90m [39m[90mday view displays appointments[39m[90m                                                                                                                      [39m [90m0.15s[39m  
  [32;1m✓[39;22m[90m [39m[90muser can search appointments by patient name[39m[90m                                                                                                        [39m [90m0.25s[39m  
  [32;1m✓[39;22m[90m [39m[90muser can filter appointments by status[39m[90m                                                                                                              [39m [90m0.37s[39m  
  [32;1m✓[39;22m[90m [39m[90muser can clear filters[39m[90m                                                                                                                              [39m [90m0.19s[39m  
  [32;1m✓[39;22m[90m [39m[90mday without schedule is displayed as day off[39m[90m                                                                                                        [39m [90m0.13s[39m  
  [32;1m✓[39;22m[90m [39m[90mfull day block displays exception reason[39m[90m                                                                                                            [39m [90m0.14s[39m  
  [32;1m✓[39;22m[90m [39m[90mpartial block is displayed in day view[39m[90m                                                                                                              [39m [90m0.21s[39m  
  [32;1m✓[39;22m[90m [39m[90mextraordinary availability marks day as working day[39m[90m                                                                                                 [39m [90m0.22s[39m  
  [32;1m✓[39;22m[90m [39m[90mday view orders appointments chronologically[39m[90m                                                                                                        [39m [90m0.21s[39m  
  [32;1m✓[39;22m[90m [39m[90mappointment index is isolated by tenant[39m[90m                                                                                                             [39m [90m0.44s[39m  
  [32;1m✓[39;22m[90m [39m[90mindex has links to appointment and patient[39m[90m                                                                                                          [39m [90m0.20s[39m  

  [30;42;1m PASS [39;49;22m[39m Tests\Feature\Appointments\AppointmentModelTest[39m
  [32;1m✓[39;22m[90m [39m[90mappointment generates uuid automatically[39m[90m                                                                                                            [39m [90m0.12s[39m  
  [32;1m✓[39;22m[90m [39m[90mappointment uses uuid as route key[39m[90m                                                                                                                  [39m [90m0.05s[39m  
  [32;1m✓[39;22m[90m [39m[90mappointment belongs to patient[39m[90m                                                                                                                      [39m [90m0.06s[39m  
  [32;1m✓[39;22m[90m [39m[90mappointment belongs to doctor profile[39m[90m                                                                                                               [39m [90m0.06s[39m  
  [32;1m✓[39;22m[90m [39m[90mpatient has appointments[39m[90m                                                                                                                            [39m [90m0.06s[39m  
  [32;1m✓[39;22m[90m [39m[90mdoctor profile has appointments[39m[90m                                                                                                                     [39m [90m0.06s[39m  
  [32;1m✓[39;22m[90m [39m[90mappointment dates are cast to datetime[39m[90m                                                                                                              [39m [90m0.07s[39m  
  [32;1m✓[39;22m[90m [39m[90mnew appointment has scheduled status by default[39m[90m                                                                                                     [39m [90m0.06s[39m  
  [32;1m✓[39;22m[90m [39m[90mappointments are isolated by tenant[39m[90m                                                                                                                 [39m [90m0.10s[39m  

  [30;42;1m PASS [39;49;22m[39m Tests\Feature\Appointments\AppointmentRescheduleTest[39m
  [32;1m✓[39;22m[90m [39m[90muser can open reschedule page for scheduled appointment[39m[90m                                                                                             [39m [90m0.20s[39m  
  [32;1m✓[39;22m[90m [39m[90muser can open reschedule page for confirmed appointment[39m[90m                                                                                             [39m [90m0.11s[39m  
  [32;1m✓[39;22m[90m [39m[90mcompleted appointment cannot open reschedule page[39m[90m                                                                                                   [39m [90m0.12s[39m  
  [32;1m✓[39;22m[90m [39m[90mcancelled appointment cannot open reschedule page[39m[90m                                                                                                   [39m [90m0.14s[39m  
  [32;1m✓[39;22m[90m [39m[90mreschedule page loads available slots[39m[90m                                                                                                               [39m [90m0.13s[39m  
  [32;1m✓[39;22m[90m [39m[90mcurrent appointment does not block its own slot[39m[90m                                                                                                     [39m [90m0.13s[39m  
  [32;1m✓[39;22m[90m [39m[90mchanging date refreshes available slots[39m[90m                                                                                                             [39m [90m0.14s[39m  
  [32;1m✓[39;22m[90m [39m[90muser can reschedule appointment to available slot[39m[90m                                                                                                   [39m [90m0.18s[39m  
  [32;1m✓[39;22m[90m [39m[90mconfirmed appointment becomes scheduled after rescheduling[39m[90m                                                                                          [39m [90m0.14s[39m  
  [32;1m✓[39;22m[90m [39m[90muser cannot reschedule to occupied slot[39m[90m                                                                                                             [39m [90m0.18s[39m  
  [32;1m✓[39;22m[90m [39m[90mslot is revalidated when saving[39m[90m                                                                                                                     [39m [90m0.16s[39m  
  [32;1m✓[39;22m[90m [39m[90muser cannot reschedule appointment from another tenant[39m[90m                                                                                              [39m [90m0.09s[39m  

  [39;41;1m FAIL [39;49;22m[39m Tests\Feature\Appointments\AppointmentShowTest[39m
  [32;1m✓[39;22m[90m [39m[90muser can open appointment show[39m[90m                                                                                                                      [39m [90m0.11s[39m  
  [32;1m✓[39;22m[90m [39m[90mstarting appointment moves it to in progress[39m[90m                                                                                                        [39m [90m0.09s[39m  
  [32;1m✓[39;22m[90m [39m[90mstarting appointment redirects to consultation create[39m[90m                                                                                               [39m [90m0.09s[39m  
  [32;1m✓[39;22m[90m [39m[90min progress appointment shows continue consultation action[39m[90m                                                                                          [39m [90m0.10s[39m  
  [32;1m✓[39;22m[90m [39m[90mcontinue consultation without existing consultation returns to create form[39m[90m                                                                          [39m [90m0.11s[39m  
  [32;1m✓[39;22m[90m [39m[90mcontinue consultation with existing consultation opens consultation show[39m[90m                                                                            [39m [90m0.09s[39m  
  [31;1m⨯[39;22m[90m [39m[90mconsultation form precloads appointment reason[39m[90m                                                                                                      [39m [90m0.09s[39m  
  [31;1m⨯[39;22m[90m [39m[90msaving consultation links it to appointment and completes appointment[39m[90m                                                                               [39m [90m0.08s[39m  
  [32;1m✓[39;22m[90m [39m[90mcompleted appointment does not show continue consultation action[39m[90m                                                                                    [39m [90m0.10s[39m  
  [32;1m✓[39;22m[90m [39m[90muser cannot open appointment show from another tenant[39m[90m                                                                                               [39m [90m0.08s[39m  

  [30;42;1m PASS [39;49;22m[39m Tests\Feature\Appointments\AppointmentSlotsTest[39m
  [32;1m✓[39;22m[90m [39m[90mslots are generated from regular schedule[39m[90m                                                                                                           [39m [90m0.14s[39m  
  [32;1m✓[39;22m[90m [39m[90mslots use schedule appointment duration[39m[90m                                                                                                             [39m [90m0.10s[39m  
  [32;1m✓[39;22m[90m [39m[90mslots respect custom duration[39m[90m                                                                                                                       [39m [90m0.10s[39m  
  [32;1m✓[39;22m[90m [39m[90mslots do not include existing appointment[39m[90m                                                                                                           [39m [90m0.09s[39m  
  [32;1m✓[39;22m[90m [39m[90mcancelled appointment does not remove slot[39m[90m                                                                                                          [39m [90m0.07s[39m  
  [32;1m✓[39;22m[90m [39m[90mpartial block removes affected slots[39m[90m                                                                                                                [39m [90m0.09s[39m  
  [32;1m✓[39;22m[90m [39m[90mfull day block returns no slots[39m[90m                                                                                                                     [39m [90m0.08s[39m  
  [32;1m✓[39;22m[90m [39m[90mavailable exception generates extraordinary slots[39m[90m                                                                                                   [39m [90m0.08s[39m  
  [32;1m✓[39;22m[90m [39m[90mschedule buffers reduce available edges[39m[90m                                                                                                             [39m [90m0.09s[39m  
  [32;1m✓[39;22m[90m [39m[90mslots are returned in chronological order[39m[90m                                                                                                           [39m [90m0.09s[39m  
  [32;1m✓[39;22m[90m [39m[90mpast slots are not returned for today[39m[90m                                                                                                               [39m [90m0.09s[39m  

  [30;42;1m PASS [39;49;22m[39m Tests\Feature\Appointments\AppointmentStatusTest[39m
  [32;1m✓[39;22m[90m [39m[90mscheduled appointment can be confirmed[39m[90m                                                                                                              [39m [90m0.09s[39m  
  [32;1m✓[39;22m[90m [39m[90mscheduled appointment can be checked in directly[39m[90m                                                                                                    [39m [90m0.07s[39m  
  [32;1m✓[39;22m[90m [39m[90mconfirmed appointment can be checked in[39m[90m                                                                                                             [39m [90m0.07s[39m  
  [32;1m✓[39;22m[90m [39m[90mchecked in appointment can be started[39m[90m                                                                                                               [39m [90m0.07s[39m  
  [32;1m✓[39;22m[90m [39m[90mscheduled appointment can be started directly[39m[90m                                                                                                       [39m [90m0.06s[39m  
  [32;1m✓[39;22m[90m [39m[90mconfirmed appointment can be started directly[39m[90m                                                                                                       [39m [90m0.06s[39m  
  [32;1m✓[39;22m[90m [39m[90min progress appointment can be completed[39m[90m                                                                                                            [39m [90m0.06s[39m  
  [32;1m✓[39;22m[90m [39m[90mscheduled appointment can be cancelled[39m[90m                                                                                                              [39m [90m0.06s[39m  
  [32;1m✓[39;22m[90m [39m[90mconfirmed appointment can be cancelled[39m[90m                                                                                                              [39m [90m0.06s[39m  
  [32;1m✓[39;22m[90m [39m[90mchecked in appointment can be cancelled[39m[90m                                                                                                             [39m [90m0.06s[39m  
  [32;1m✓[39;22m[90m [39m[90mscheduled appointment cannot be marked no show before grace period[39m[90m                                                                                  [39m [90m0.06s[39m  
  [32;1m✓[39;22m[90m [39m[90mscheduled appointment can be marked as no show after grace period[39m[90m                                                                                   [39m [90m0.07s[39m  
  [32;1m✓[39;22m[90m [39m[90mconfirmed appointment can be marked as no show after grace period[39m[90m                                                                                   [39m [90m0.07s[39m  
  [32;1m✓[39;22m[90m [39m[90mno show is not available when appointment ends[39m[90m                                                                                                      [39m [90m0.06s[39m  
  [32;1m✓[39;22m[90m [39m[90mno show is not available fourteen minutes after appointment ends[39m[90m                                                                                    [39m [90m0.06s[39m  
  [32;1m✓[39;22m[90m [39m[90mno show becomes available exactly fifteen minutes after appointment ends[39m[90m                                                                            [39m [90m0.07s[39m  
  [32;1m✓[39;22m[90m [39m[90mcompleted appointment cannot be changed again[39m[90m                                                                                                       [39m [90m0.07s[39m  
  [32;1m✓[39;22m[90m [39m[90mcancelled appointment cannot be started[39m[90m                                                                                                             [39m [90m0.07s[39m  
  [32;1m✓[39;22m[90m [39m[90mno show appointment cannot be started[39m[90m                                                                                                               [39m [90m0.08s[39m  
  [32;1m✓[39;22m[90m [39m[90mscheduled appointment can be rescheduled[39m[90m                                                                                                            [39m [90m0.07s[39m  
  [32;1m✓[39;22m[90m [39m[90mconfirmed appointment returns to scheduled when rescheduled[39m[90m                                                                                         [39m [90m0.07s[39m  
  [32;1m✓[39;22m[90m [39m[90min progress appointment cannot be rescheduled[39m[90m                                                                                                       [39m [90m0.06s[39m  
  [32;1m✓[39;22m[90m [39m[90mcan reschedule only for scheduled or confirmed appointments[39m[90m                                                                                         [39m [90m0.06s[39m  
  [32;1m✓[39;22m[90m [39m[90mscheduled appointment exposes correct available actions before no show grace period[39m[90m                                                                 [39m [90m0.06s[39m  
  [32;1m✓[39;22m[90m [39m[90mscheduled appointment exposes no show after grace period[39m[90m                                                                                            [39m [90m0.06s[39m  
  [32;1m✓[39;22m[90m [39m[90min progress appointment only exposes complete action[39m[90m                                                                                                [39m [90m0.06s[39m  
  [32;1m✓[39;22m[90m [39m[90mterminal appointment has no available actions[39m[90m                                                                                                       [39m [90m0.06s[39m  

  [30;42;1m PASS [39;49;22m[39m Tests\Feature\Auth\AuthenticationTest[39m
  [32;1m✓[39;22m[90m [39m[90mguest can see login page[39m[90m                                                                                                                            [39m [90m0.11s[39m  
  [32;1m✓[39;22m[90m [39m[90muser can login[39m[90m                                                                                                                                      [39m [90m0.07s[39m  
  [32;1m✓[39;22m[90m [39m[90muser cannot login with invalid password[39m[90m                                                                                                             [39m [90m0.27s[39m  
  [32;1m✓[39;22m[90m [39m[90mguest cannot access dashboard[39m[90m                                                                                                                       [39m [90m0.06s[39m  
  [32;1m✓[39;22m[90m [39m[90mauthenticated user can access dashboard[39m[90m                                                                                                             [39m [90m0.09s[39m  
  [32;1m✓[39;22m[90m [39m[90muser can logout[39m[90m                                                                                                                                     [39m [90m0.07s[39m  

  [30;42;1m PASS [39;49;22m[39m Tests\Feature\Auth\RegistrationTest[39m
  [32;1m✓[39;22m[90m [39m[90mguest can see registration page[39m[90m                                                                                                                     [39m [90m0.07s[39m  
  [32;1m✓[39;22m[90m [39m[90mdoctor can register[39m[90m                                                                                                                                 [39m [90m0.09s[39m  
  [32;1m✓[39;22m[90m [39m[90mregistration creates doctor profile[39m[90m                                                                                                                 [39m [90m0.07s[39m  
  [32;1m✓[39;22m[90m [39m[90mregistration creates practice profile[39m[90m                                                                                                               [39m [90m0.07s[39m  
  [32;1m✓[39;22m[90m [39m[90mtwo practices can have same name and receive unique slugs[39m[90m                                                                                           [39m [90m0.09s[39m  
  [32;1m✓[39;22m[90m [39m[90mregistration requires required fields[39m[90m                                                                                                               [39m [90m0.06s[39m  
  [32;1m✓[39;22m[90m [39m[90mregistration rejects duplicate email[39m[90m                                                                                                                [39m [90m0.06s[39m  

  [30;42;1m PASS [39;49;22m[39m Tests\Feature\Consultations\ConsultationDiagnosisFlowTest[39m
  [32;1m✓[39;22m[90m [39m[90muser can create diagnosis[39m[90m                                                                                                                           [39m [90m0.20s[39m  
  [32;1m✓[39;22m[90m [39m[90mdiagnosis description is required[39m[90m                                                                                                                   [39m [90m0.18s[39m  
  [32;1m✓[39;22m[90m [39m[90muser can edit diagnosis[39m[90m                                                                                                                             [39m [90m0.28s[39m  
  [32;1m✓[39;22m[90m [39m[90monly one diagnosis can be primary per consultation[39m[90m                                                                                                  [39m [90m0.16s[39m  
  [32;1m✓[39;22m[90m [39m[90mediting diagnosis as primary removes previous primary[39m[90m                                                                                               [39m [90m0.13s[39m  
  [32;1m✓[39;22m[90m [39m[90mprimary change does not affect other consultations[39m[90m                                                                                                  [39m [90m0.11s[39m  
  [32;1m✓[39;22m[90m [39m[90muser can delete diagnosis[39m[90m                                                                                                                           [39m [90m0.08s[39m  
  [32;1m✓[39;22m[90m [39m[90muser cannot edit diagnosis from another consultation[39m[90m                                                                                                [39m [90m0.08s[39m  
  [32;1m✓[39;22m[90m [39m[90muser cannot delete diagnosis from another consultation[39m[90m                                                                                              [39m [90m0.08s[39m  
  [32;1m✓[39;22m[90m [39m[90mdiagnoses are isolated between tenants in ui[39m[90m                                                                                                        [39m [90m0.10s[39m  

  [30;42;1m PASS [39;49;22m[39m Tests\Feature\Consultations\ConsultationDiagnosisTest[39m
  [32;1m✓[39;22m[90m [39m[90mdiagnosis belongs to consultation and tenant[39m[90m                                                                                                        [39m [90m0.10s[39m  
  [32;1m✓[39;22m[90m [39m[90mconsultation can have multiple diagnoses[39m[90m                                                                                                            [39m [90m0.08s[39m  
  [32;1m✓[39;22m[90m [39m[90mdiagnoses are isolated between tenants[39m[90m                                                                                                              [39m [90m0.09s[39m  

  [39;41;1m FAIL [39;49;22m[39m Tests\Feature\Consultations\ConsultationFlowTest[39m
  [31;1m⨯[39;22m[90m [39m[90muser can create consultation for patient[39m[90m                                                                                                            [39m [90m0.19s[39m  
  [31;1m⨯[39;22m[90m [39m[90mconsultation requires date[39m[90m                                                                                                                          [39m [90m0.09s[39m  
  [31;1m⨯[39;22m[90m [39m[90mconsultation rejects invalid vital signs[39m[90m                                                                                                            [39m [90m0.15s[39m  
  [31;1m⨯[39;22m[90m [39m[90mconsultation is associated with authenticated doctor[39m[90m                                                                                                [39m [90m0.09s[39m  
  [32;1m✓[39;22m[90m [39m[90mpatient show page displays consultation history[39m[90m                                                                                                     [39m [90m0.10s[39m  
  [32;1m✓[39;22m[90m [39m[90muser can view consultation detail[39m[90m                                                                                                                   [39m [90m0.11s[39m  
  [32;1m✓[39;22m[90m [39m[90mconsultation detail uses uuid route[39m[90m                                                                                                                 [39m [90m0.08s[39m  
  [32;1m✓[39;22m[90m [39m[90muser cannot create consultation for patient from another tenant[39m[90m                                                                                     [39m [90m0.11s[39m  
  [32;1m✓[39;22m[90m [39m[90muser cannot view consultation from another tenant[39m[90m                                                                                                   [39m [90m0.10s[39m  
  [32;1m✓[39;22m[90m [39m[90mpatient history does not show consultations from other patients[39m[90m                                                                                     [39m [90m0.13s[39m  

  [30;42;1m PASS [39;49;22m[39m Tests\Feature\Consultations\ConsultationIndexTest[39m
  [32;1m✓[39;22m[90m [39m[90muser can view consultations index[39m[90m                                                                                                                   [39m [90m0.13s[39m  
  [32;1m✓[39;22m[90m [39m[90mindex displays consultations[39m[90m                                                                                                                        [39m [90m0.09s[39m  
  [32;1m✓[39;22m[90m [39m[90muser can search consultations by patient first name[39m[90m                                                                                                 [39m [90m0.10s[39m  
  [32;1m✓[39;22m[90m [39m[90muser can search consultations by patient last name[39m[90m                                                                                                  [39m [90m0.09s[39m  
  [32;1m✓[39;22m[90m [39m[90muser can search consultations by second last name[39m[90m                                                                                                   [39m [90m0.09s[39m  
  [32;1m✓[39;22m[90m [39m[90muser can filter consultations from date[39m[90m                                                                                                             [39m [90m0.09s[39m  
  [32;1m✓[39;22m[90m [39m[90muser can filter consultations until date[39m[90m                                                                                                            [39m [90m0.12s[39m  
  [32;1m✓[39;22m[90m [39m[90muser can filter consultations by date range[39m[90m                                                                                                         [39m [90m0.14s[39m  
  [32;1m✓[39;22m[90m [39m[90muser can filter consultations by status[39m[90m                                                                                                             [39m [90m0.19s[39m  
  [32;1m✓[39;22m[90m [39m[90mfilters can be combined[39m[90m                                                                                                                             [39m [90m0.18s[39m  
  [32;1m✓[39;22m[90m [39m[90muser can clear consultation filters[39m[90m                                                                                                                 [39m [90m0.15s[39m  
  [32;1m✓[39;22m[90m [39m[90mconsultations are ordered by most recent first[39m[90m                                                                                                      [39m [90m0.08s[39m  
  [32;1m✓[39;22m[90m [39m[90mindex does not show consultations from another tenant[39m[90m                                                                                               [39m [90m0.08s[39m  
  [32;1m✓[39;22m[90m [39m[90mindex has link to consultation detail[39m[90m                                                                                                               [39m [90m0.06s[39m  
  [32;1m✓[39;22m[90m [39m[90mindex has link to create prescription[39m[90m                                                                                                               [39m [90m0.07s[39m  
  [32;1m✓[39;22m[90m [39m[90mindex has link to patient record[39m[90m                                                                                                                    [39m [90m0.08s[39m  

  [30;42;1m PASS [39;49;22m[39m Tests\Feature\Consultations\ConsultationLifecycleTest[39m
  [32;1m✓[39;22m[90m [39m[90mnew consultation defaults to draft[39m[90m                                                                                                                  [39m [90m0.08s[39m  
  [32;1m✓[39;22m[90m [39m[90mdraft consultation can be completed[39m[90m                                                                                                                 [39m [90m0.06s[39m  
  [32;1m✓[39;22m[90m [39m[90mcompleted consultation is terminal[39m[90m                                                                                                                  [39m [90m0.07s[39m  
  [32;1m✓[39;22m[90m [39m[90mdraft consultation can be edited[39m[90m                                                                                                                    [39m [90m0.06s[39m  
  [32;1m✓[39;22m[90m [39m[90mcompleted consultation cannot be completed again[39m[90m                                                                                                    [39m [90m0.06s[39m  
  [32;1m✓[39;22m[90m [39m[90mexplicit completed status is still supported[39m[90m                                                                                                        [39m [90m0.06s[39m  
  [32;1m✓[39;22m[90m [39m[90mconsultation uuid is generated automatically[39m[90m                                                                                                        [39m [90m0.07s[39m  

  [30;42;1m PASS [39;49;22m[39m Tests\Feature\Consultations\ConsultationModelTest[39m
  [32;1m✓[39;22m[90m [39m[90mconsultation generates uuid and belongs to tenant patient and doctor[39m[90m                                                                                [39m [90m0.10s[39m  
  [32;1m✓[39;22m[90m [39m[90mconsultations are isolated between tenants[39m[90m                                                                                                          [39m [90m0.09s[39m  

  [30;42;1m PASS [39;49;22m[39m Tests\Feature\Consultations\DiagnosisAutocompleteTest[39m
  [32;1m✓[39;22m[90m [39m[90mautocomplete searches by description[39m[90m                                                                                                                [39m [90m0.15s[39m  
  [32;1m✓[39;22m[90m [39m[90mautocomplete searches by code[39m[90m                                                                                                                       [39m [90m0.13s[39m  
  [32;1m✓[39;22m[90m [39m[90mautocomplete does not search with less than two characters[39m[90m                                                                                          [39m [90m0.13s[39m  
  [32;1m✓[39;22m[90m [39m[90muser can select diagnosis from catalog[39m[90m                                                                                                              [39m [90m0.13s[39m  
  [32;1m✓[39;22m[90m [39m[90minactive diagnoses are not returned in autocomplete[39m[90m                                                                                                 [39m [90m0.12s[39m  
  [32;1m✓[39;22m[90m [39m[90minactive diagnosis cannot be selected directly[39m[90m                                                                                                      [39m [90m0.09s[39m  
  [32;1m✓[39;22m[90m [39m[90mmanual diagnosis can still be saved without catalog selection[39m[90m                                                                                       [39m [90m0.13s[39m  
  [32;1m✓[39;22m[90m [39m[90mcatalog selection does not create diagnosis until user saves[39m[90m                                                                                        [39m [90m0.11s[39m  
  [32;1m✓[39;22m[90m [39m[90msearch is limited to ten results[39m[90m                                                                                                                    [39m [90m0.17s[39m  

  [30;42;1m PASS [39;49;22m[39m Tests\Feature\Consultations\DiagnosisCatalogTest[39m
  [32;1m✓[39;22m[90m [39m[90mdiagnosis catalog is global and can store diagnoses[39m[90m                                                                                                 [39m [90m0.09s[39m  
  [32;1m✓[39;22m[90m [39m[90mdiagnosis codes are unique[39m[90m                                                                                                                          [39m [90m0.08s[39m  

  [30;42;1m PASS [39;49;22m[39m Tests\Feature\Dashboard\DashboardTest[39m
  [32;1m✓[39;22m[90m [39m[90mauthenticated user can view dashboard[39m[90m                                                                                                               [39m [90m0.18s[39m  
  [32;1m✓[39;22m[90m [39m[90mdashboard displays patient count[39m[90m                                                                                                                    [39m [90m0.16s[39m  
  [32;1m✓[39;22m[90m [39m[90mdashboard displays today appointment count[39m[90m                                                                                                          [39m [90m0.17s[39m  
  [32;1m✓[39;22m[90m [39m[90mcancelled appointment is not counted as today active appointment[39m[90m                                                                                    [39m [90m0.12s[39m  
  [32;1m✓[39;22m[90m [39m[90mdashboard displays pending appointments count[39m[90m                                                                                                       [39m [90m0.14s[39m  
  [32;1m✓[39;22m[90m [39m[90mdashboard displays next appointment[39m[90m                                                                                                                 [39m [90m0.11s[39m  
  [32;1m✓[39;22m[90m [39m[90mdashboard ignores cancelled appointment when finding next appointment[39m[90m                                                                               [39m [90m0.11s[39m  
  [32;1m✓[39;22m[90m [39m[90mdashboard displays today consultations count[39m[90m                                                                                                        [39m [90m0.10s[39m  
  [32;1m✓[39;22m[90m [39m[90mdashboard displays today prescriptions count[39m[90m                                                                                                        [39m [90m0.10s[39m  
  [32;1m✓[39;22m[90m [39m[90mdashboard displays regular day off[39m[90m                                                                                                                  [39m [90m0.09s[39m  
  [32;1m✓[39;22m[90m [39m[90mdashboard displays full day exception reason[39m[90m                                                                                                        [39m [90m0.08s[39m  
  [32;1m✓[39;22m[90m [39m[90mdashboard displays partial schedule exception[39m[90m                                                                                                       [39m [90m0.09s[39m  
  [32;1m✓[39;22m[90m [39m[90mdashboard recognizes extraordinary availability[39m[90m                                                                                                     [39m [90m0.09s[39m  
  [32;1m✓[39;22m[90m [39m[90mdashboard displays next seven days chart data[39m[90m                                                                                                       [39m [90m0.10s[39m  
  [32;1m✓[39;22m[90m [39m[90mdashboard is isolated by tenant[39m[90m                                                                                                                     [39m [90m0.10s[39m  

  [30;42;1m PASS [39;49;22m[39m Tests\Feature\ExampleTest[39m
  [32;1m✓[39;22m[90m [39m[90mroot redirects to dashboard[39m[90m                                                                                                                         [39m [90m0.09s[39m  

  [30;42;1m PASS [39;49;22m[39m Tests\Feature\Models\CoreModelsTest[39m
  [32;1m✓[39;22m[90m [39m[90mtenant generates uuid automatically[39m[90m                                                                                                                 [39m [90m0.07s[39m  
  [32;1m✓[39;22m[90m [39m[90muser belongs to tenant[39m[90m                                                                                                                              [39m [90m0.07s[39m  
  [32;1m✓[39;22m[90m [39m[90mdoctor profile relationships work[39m[90m                                                                                                                   [39m [90m0.08s[39m  
  [32;1m✓[39;22m[90m [39m[90mtenant has practice profile and schedule[39m[90m                                                                                                            [39m [90m0.08s[39m  

  [30;42;1m PASS [39;49;22m[39m Tests\Feature\Onboarding\OnboardingMiddlewareTest[39m
  [32;1m✓[39;22m[90m [39m[90mguest cannot access onboarding[39m[90m                                                                                                                      [39m [90m0.08s[39m  
  [32;1m✓[39;22m[90m [39m[90muser with incomplete onboarding is redirected from dashboard[39m[90m                                                                                        [39m [90m0.07s[39m  
  [32;1m✓[39;22m[90m [39m[90muser with incomplete onboarding can access onboarding[39m[90m                                                                                               [39m [90m0.10s[39m  
  [32;1m✓[39;22m[90m [39m[90muser with completed onboarding can access dashboard[39m[90m                                                                                                 [39m [90m0.20s[39m  

  [30;42;1m PASS [39;49;22m[39m Tests\Feature\Onboarding\OnboardingWizardTest[39m
  [32;1m✓[39;22m[90m [39m[90muser with incomplete onboarding can see wizard[39m[90m                                                                                                      [39m [90m0.15s[39m  
  [32;1m✓[39;22m[90m [39m[90mwizard loads existing doctor and practice data[39m[90m                                                                                                      [39m [90m0.17s[39m  
  [32;1m✓[39;22m[90m [39m[90mstep one requires professional data[39m[90m                                                                                                                 [39m [90m0.13s[39m  
  [32;1m✓[39;22m[90m [39m[90muser can advance through wizard steps[39m[90m                                                                                                               [39m [90m0.24s[39m  
  [32;1m✓[39;22m[90m [39m[90mfinish updates doctor practice and creates schedules[39m[90m                                                                                                [39m [90m0.41s[39m  
  [32;1m✓[39;22m[90m [39m[90mcompleted onboarding user is redirected to dashboard[39m[90m                                                                                                [39m [90m0.07s[39m  
  [32;1m✓[39;22m[90m [39m[90mpostal code autocompletes address data[39m[90m                                                                                                              [39m [90m0.09s[39m  
  [32;1m✓[39;22m[90m [39m[90mpostal code failure does not block manual address capture[39m[90m                                                                                           [39m [90m0.35s[39m  

  [30;42;1m PASS [39;49;22m[39m Tests\Feature\Onboarding\SpecialtySeederTest[39m
  [32;1m✓[39;22m[90m [39m[90mspecialty seeder creates available specialties[39m[90m                                                                                                      [39m [90m0.09s[39m  
  [32;1m✓[39;22m[90m [39m[90mspecialty seeder can run more than once[39m[90m                                                                                                             [39m [90m0.09s[39m  

  [30;42;1m PASS [39;49;22m[39m Tests\Feature\Patients\EmergencyContactTest[39m
  [32;1m✓[39;22m[90m [39m[90muser can create emergency contact[39m[90m                                                                                                                   [39m [90m0.13s[39m  
  [32;1m✓[39;22m[90m [39m[90memergency contact requires name and phone[39m[90m                                                                                                           [39m [90m0.11s[39m  
  [32;1m✓[39;22m[90m [39m[90memergency contact rejects invalid email[39m[90m                                                                                                             [39m [90m0.12s[39m  
  [32;1m✓[39;22m[90m [39m[90memergency contact belongs to patient and tenant[39m[90m                                                                                                     [39m [90m0.10s[39m  
  [32;1m✓[39;22m[90m [39m[90monly one contact can be primary for patient[39m[90m                                                                                                         [39m [90m0.11s[39m  
  [32;1m✓[39;22m[90m [39m[90mprimary contact change does not affect other patients[39m[90m                                                                                               [39m [90m0.11s[39m  
  [32;1m✓[39;22m[90m [39m[90muser can edit emergency contact[39m[90m                                                                                                                     [39m [90m0.13s[39m  
  [32;1m✓[39;22m[90m [39m[90mediting contact as primary removes previous primary[39m[90m                                                                                                 [39m [90m0.10s[39m  
  [32;1m✓[39;22m[90m [39m[90muser can delete emergency contact[39m[90m                                                                                                                   [39m [90m0.09s[39m  
  [32;1m✓[39;22m[90m [39m[90mcannot edit contact from another patient[39m[90m                                                                                                            [39m [90m0.07s[39m  
  [32;1m✓[39;22m[90m [39m[90mcannot delete contact from another patient[39m[90m                                                                                                          [39m [90m0.08s[39m  
  [32;1m✓[39;22m[90m [39m[90muser cannot open patient from another tenant to manage contacts[39m[90m                                                                                     [39m [90m0.09s[39m  

  [30;42;1m PASS [39;49;22m[39m Tests\Feature\Patients\MedicalHistoryTest[39m
  [32;1m✓[39;22m[90m [39m[90muser can create medical history[39m[90m                                                                                                                     [39m [90m0.24s[39m  
  [32;1m✓[39;22m[90m [39m[90mexisting medical history is loaded into modal[39m[90m                                                                                                       [39m [90m0.10s[39m  
  [32;1m✓[39;22m[90m [39m[90muser can update existing medical history without creating duplicate[39m[90m                                                                                 [39m [90m0.14s[39m  
  [32;1m✓[39;22m[90m [39m[90mmedical history belongs to patient and tenant[39m[90m                                                                                                       [39m [90m0.12s[39m  
  [32;1m✓[39;22m[90m [39m[90mmedical history text fields have length validation[39m[90m                                                                                                  [39m [90m0.12s[39m  
  [32;1m✓[39;22m[90m [39m[90mempty values are saved as null[39m[90m                                                                                                                      [39m [90m0.20s[39m  
  [32;1m✓[39;22m[90m [39m[90mupdating history for one patient does not affect another patient[39m[90m                                                                                    [39m [90m0.11s[39m  
  [32;1m✓[39;22m[90m [39m[90muser cannot open patient from another tenant to manage history[39m[90m                                                                                      [39m [90m0.09s[39m  

  [30;42;1m PASS [39;49;22m[39m Tests\Feature\Patients\PatientEditTest[39m
  [32;1m✓[39;22m[90m [39m[90muser can edit patient[39m[90m                                                                                                                               [39m [90m0.16s[39m  
  [32;1m✓[39;22m[90m [39m[90medit preserves uuid and tenant[39m[90m                                                                                                                      [39m [90m0.13s[39m  
  [32;1m✓[39;22m[90m [39m[90medit validates required fields[39m[90m                                                                                                                      [39m [90m0.15s[39m  
  [32;1m✓[39;22m[90m [39m[90muser cannot edit patient from another tenant[39m[90m                                                                                                        [39m [90m0.11s[39m  

  [30;42;1m PASS [39;49;22m[39m Tests\Feature\Patients\PatientIndexTest[39m
  [32;1m✓[39;22m[90m [39m[90mauthenticated user can access patient index[39m[90m                                                                                                         [39m [90m0.11s[39m  
  [32;1m✓[39;22m[90m [39m[90mpatient index only shows current tenant patients[39m[90m                                                                                                    [39m [90m0.09s[39m  
  [32;1m✓[39;22m[90m [39m[90mpatient search filters results[39m[90m                                                                                                                      [39m [90m0.11s[39m  
  [32;1m✓[39;22m[90m [39m[90muser can open and close create patient modal[39m[90m                                                                                                        [39m [90m0.09s[39m  
  [32;1m✓[39;22m[90m [39m[90muser can create patient[39m[90m                                                                                                                             [39m [90m0.14s[39m  
  [32;1m✓[39;22m[90m [39m[90mpatient first name and last name are required[39m[90m                                                                                                       [39m [90m0.14s[39m  
  [32;1m✓[39;22m[90m [39m[90mpatient rejects invalid email[39m[90m                                                                                                                       [39m [90m0.17s[39m  
  [32;1m✓[39;22m[90m [39m[90mpatient rejects future birth date[39m[90m                                                                                                                   [39m [90m0.16s[39m  
  [32;1m✓[39;22m[90m [39m[90mpatient rejects invalid blood type[39m[90m                                                                                                                  [39m [90m0.14s[39m  
  [32;1m✓[39;22m[90m [39m[90mcreated patient belongs to authenticated users tenant[39m[90m                                                                                               [39m [90m0.12s[39m  

  [30;42;1m PASS [39;49;22m[39m Tests\Feature\Patients\PatientModelsTest[39m
  [32;1m✓[39;22m[90m [39m[90mpatient generates uuid and gets current tenant[39m[90m                                                                                                      [39m [90m0.05s[39m  
  [32;1m✓[39;22m[90m [39m[90mpatient can have emergency contacts[39m[90m                                                                                                                 [39m [90m0.05s[39m  
  [32;1m✓[39;22m[90m [39m[90mpatient can have medical history[39m[90m                                                                                                                    [39m [90m0.05s[39m  
  [32;1m✓[39;22m[90m [39m[90mpatients are isolated between tenants[39m[90m                                                                                                               [39m [90m0.04s[39m  
  [32;1m✓[39;22m[90m [39m[90mpatient cannot be created without tenant context[39m[90m                                                                                                    [39m [90m0.05s[39m  
  [32;1m✓[39;22m[90m [39m[90memergency contacts are isolated between tenants[39m[90m                                                                                                     [39m [90m0.07s[39m  

  [30;42;1m PASS [39;49;22m[39m Tests\Feature\Prescriptions\MedicationAutocompleteTest[39m
  [32;1m✓[39;22m[90m [39m[90mautocomplete searches medications by name[39m[90m                                                                                                           [39m [90m0.09s[39m  
  [32;1m✓[39;22m[90m [39m[90mautocomplete searches medications by code[39m[90m                                                                                                           [39m [90m0.12s[39m  
  [32;1m✓[39;22m[90m [39m[90mautocomplete searches medications by presentation[39m[90m                                                                                                   [39m [90m0.13s[39m  
  [32;1m✓[39;22m[90m [39m[90mautocomplete does not search with less than two characters[39m[90m                                                                                          [39m [90m0.13s[39m  
  [32;1m✓[39;22m[90m [39m[90muser can select medication from catalog[39m[90m                                                                                                             [39m [90m0.12s[39m  
  [32;1m✓[39;22m[90m [39m[90mselecting medication does not fill dose frequency or duration[39m[90m                                                                                       [39m [90m0.10s[39m  
  [32;1m✓[39;22m[90m [39m[90minactive medications are not returned[39m[90m                                                                                                               [39m [90m0.10s[39m  
  [32;1m✓[39;22m[90m [39m[90minactive medication cannot be selected directly[39m[90m                                                                                                     [39m [90m0.09s[39m  
  [32;1m✓[39;22m[90m [39m[90mmanual medication can still be saved without catalog selection[39m[90m                                                                                      [39m [90m0.13s[39m  
  [32;1m✓[39;22m[90m [39m[90mcatalog selection does not create prescription until saved[39m[90m                                                                                          [39m [90m0.10s[39m  
  [32;1m✓[39;22m[90m [39m[90mmedication search is limited to ten results[39m[90m                                                                                                         [39m [90m0.11s[39m  
  [32;1m✓[39;22m[90m [39m[90meach medication row has independent search[39m[90m                                                                                                          [39m [90m0.11s[39m  

  [30;42;1m PASS [39;49;22m[39m Tests\Feature\Prescriptions\PrescriptionEditAndCancelTest[39m
  [32;1m✓[39;22m[90m [39m[90muser can edit existing prescription[39m[90m                                                                                                                 [39m [90m0.20s[39m  
  [32;1m✓[39;22m[90m [39m[90muser can add medication when editing prescription[39m[90m                                                                                                   [39m [90m0.16s[39m  
  [32;1m✓[39;22m[90m [39m[90muser can remove medication when editing prescription[39m[90m                                                                                                [39m [90m0.15s[39m  
  [32;1m✓[39;22m[90m [39m[90mediting prescription rebuilds sort order[39m[90m                                                                                                            [39m [90m0.19s[39m  
  [32;1m✓[39;22m[90m [39m[90mediting requires medication name[39m[90m                                                                                                                    [39m [90m0.19s[39m  
  [32;1m✓[39;22m[90m [39m[90mcancelled prescription cannot be edited[39m[90m                                                                                                             [39m [90m0.14s[39m  
  [32;1m✓[39;22m[90m [39m[90muser cannot edit prescription from another tenant[39m[90m                                                                                                   [39m [90m0.12s[39m  
  [32;1m✓[39;22m[90m [39m[90muser can cancel active prescription[39m[90m                                                                                                                 [39m [90m0.12s[39m  
  [32;1m✓[39;22m[90m [39m[90mcancelling already cancelled prescription does not change it[39m[90m                                                                                        [39m [90m0.10s[39m  
  [32;1m✓[39;22m[90m [39m[90mcancelled prescription remains available for printing[39m[90m                                                                                               [39m [90m0.08s[39m  
  [32;1m✓[39;22m[90m [39m[90mcancelled prescription pdf is still downloadable[39m[90m                                                                                                    [39m [90m0.91s[39m  
  [32;1m✓[39;22m[90m [39m[90mcancelled prescription detail hides edit and cancel actions[39m[90m                                                                                         [39m [90m0.12s[39m  

  [30;42;1m PASS [39;49;22m[39m Tests\Feature\Prescriptions\PrescriptionFlowTest[39m
  [32;1m✓[39;22m[90m [39m[90muser can create prescription from consultation[39m[90m                                                                                                      [39m [90m0.20s[39m  
  [32;1m✓[39;22m[90m [39m[90muser can create prescription with multiple medications[39m[90m                                                                                              [39m [90m0.35s[39m  
  [32;1m✓[39;22m[90m [39m[90mmedication name is required[39m[90m                                                                                                                         [39m [90m0.18s[39m  
  [32;1m✓[39;22m[90m [39m[90mprescription requires date[39m[90m                                                                                                                          [39m [90m0.19s[39m  
  [32;1m✓[39;22m[90m [39m[90muser can add and remove medication rows[39m[90m                                                                                                             [39m [90m0.14s[39m  
  [32;1m✓[39;22m[90m [39m[90muser cannot remove last medication row[39m[90m                                                                                                              [39m [90m0.09s[39m  
  [32;1m✓[39;22m[90m [39m[90mprescription items keep sort order[39m[90m                                                                                                                  [39m [90m0.14s[39m  
  [32;1m✓[39;22m[90m [39m[90muser can view prescription detail[39m[90m                                                                                                                   [39m [90m0.10s[39m  
  [32;1m✓[39;22m[90m [39m[90mconsultation page displays prescriptions[39m[90m                                                                                                            [39m [90m0.10s[39m  
  [32;1m✓[39;22m[90m [39m[90muser cannot create prescription from consultation of another tenant[39m[90m                                                                                 [39m [90m0.09s[39m  
  [32;1m✓[39;22m[90m [39m[90muser cannot view prescription from another tenant[39m[90m                                                                                                   [39m [90m0.08s[39m  
  [32;1m✓[39;22m[90m [39m[90mprescription is associated with authenticated doctor[39m[90m                                                                                                [39m [90m0.11s[39m  

  [30;42;1m PASS [39;49;22m[39m Tests\Feature\Prescriptions\PrescriptionIndexTest[39m
  [32;1m✓[39;22m[90m [39m[90muser can access prescription index[39m[90m                                                                                                                  [39m [90m0.10s[39m  
  [32;1m✓[39;22m[90m [39m[90mprescription index displays current tenant prescriptions[39m[90m                                                                                            [39m [90m0.11s[39m  
  [32;1m✓[39;22m[90m [39m[90mprescription index searches by patient first name[39m[90m                                                                                                   [39m [90m0.13s[39m  
  [32;1m✓[39;22m[90m [39m[90mprescription index searches by patient last name[39m[90m                                                                                                    [39m [90m0.12s[39m  
  [32;1m✓[39;22m[90m [39m[90mprescription index searches by patient email[39m[90m                                                                                                        [39m [90m0.11s[39m  
  [32;1m✓[39;22m[90m [39m[90mprescription index filters from date[39m[90m                                                                                                                [39m [90m0.11s[39m  
  [32;1m✓[39;22m[90m [39m[90mprescription index filters to date[39m[90m                                                                                                                  [39m [90m0.09s[39m  
  [32;1m✓[39;22m[90m [39m[90mprescription index filters between dates[39m[90m                                                                                                            [39m [90m0.10s[39m  
  [32;1m✓[39;22m[90m [39m[90muser can clear prescription filters[39m[90m                                                                                                                 [39m [90m0.09s[39m  
  [32;1m✓[39;22m[90m [39m[90mempty prescription index displays empty state[39m[90m                                                                                                       [39m [90m0.06s[39m  
  [32;1m✓[39;22m[90m [39m[90mprescription index only displays current tenant records[39m[90m                                                                                             [39m [90m0.08s[39m  
  [32;1m✓[39;22m[90m [39m[90mprescription index item count is correct[39m[90m                                                                                                            [39m [90m0.07s[39m  

  [30;42;1m PASS [39;49;22m[39m Tests\Feature\Prescriptions\PrescriptionModelTest[39m
  [32;1m✓[39;22m[90m [39m[90mprescription generates uuid and belongs to context[39m[90m                                                                                                  [39m [90m0.06s[39m  
  [32;1m✓[39;22m[90m [39m[90mprescription can have multiple items[39m[90m                                                                                                                [39m [90m0.05s[39m  
  [32;1m✓[39;22m[90m [39m[90mprescription items inherit current tenant[39m[90m                                                                                                           [39m [90m0.06s[39m  
  [32;1m✓[39;22m[90m [39m[90mprescription items are ordered by sort order[39m[90m                                                                                                        [39m [90m0.06s[39m  
  [32;1m✓[39;22m[90m [39m[90mprescription can exist without consultation[39m[90m                                                                                                         [39m [90m0.06s[39m  
  [32;1m✓[39;22m[90m [39m[90mprescription uses uuid as route key[39m[90m                                                                                                                 [39m [90m0.05s[39m  
  [32;1m✓[39;22m[90m [39m[90mprescriptions are isolated between tenants[39m[90m                                                                                                          [39m [90m0.06s[39m  
  [32;1m✓[39;22m[90m [39m[90mprescription items are isolated between tenants[39m[90m                                                                                                     [39m [90m0.08s[39m  
  [32;1m✓[39;22m[90m [39m[90mdeleting prescription deletes its items[39m[90m                                                                                                             [39m [90m0.06s[39m  

  [30;42;1m PASS [39;49;22m[39m Tests\Feature\Prescriptions\PrescriptionPdfTest[39m
  [32;1m✓[39;22m[90m [39m[90muser can download prescription pdf[39m[90m                                                                                                                  [39m [90m0.70s[39m  
  [32;1m✓[39;22m[90m [39m[90mpdf download uses prescription uuid[39m[90m                                                                                                                 [39m [90m0.61s[39m  
  [32;1m✓[39;22m[90m [39m[90mpdf download has expected filename[39m[90m                                                                                                                  [39m [90m0.58s[39m  
  [32;1m✓[39;22m[90m [39m[90mpdf can be generated with medications and general instructions[39m[90m                                                                                      [39m [90m0.65s[39m  
  [32;1m✓[39;22m[90m [39m[90muser cannot download prescription pdf from another tenant[39m[90m                                                                                           [39m [90m0.07s[39m  
  [32;1m✓[39;22m[90m [39m[90muser cannot download nonexistent prescription pdf[39m[90m                                                                                                   [39m [90m0.06s[39m  
  [32;1m✓[39;22m[90m [39m[90mpdf works without logo or signature[39m[90m                                                                                                                 [39m [90m0.55s[39m  
  [32;1m✓[39;22m[90m [39m[90mprint view is only available for current tenant[39m[90m                                                                                                     [39m [90m0.07s[39m  

  [30;42;1m PASS [39;49;22m[39m Tests\Feature\Services\PostalCodeServiceTest[39m
  [32;1m✓[39;22m[90m [39m[90mit returns normalized postal code data[39m[90m                                                                                                              [39m [90m0.05s[39m  
  [32;1m✓[39;22m[90m [39m[90mit uses municipality as city when city is missing[39m[90m                                                                                                   [39m [90m0.05s[39m  
  [32;1m✓[39;22m[90m [39m[90mit returns unique sorted neighborhoods[39m[90m                                                                                                              [39m [90m0.05s[39m  
  [32;1m✓[39;22m[90m [39m[90mit caches postal code requests[39m[90m                                                                                                                      [39m [90m0.05s[39m  
  [32;1m✓[39;22m[90m [39m[90mit rejects invalid postal code[39m[90m                                                                                                                      [39m [90m0.04s[39m  
  [32;1m✓[39;22m[90m [39m[90mit throws exception when provider fails[39m[90m                                                                                                             [39m [90m0.30s[39m  
  [32;1m✓[39;22m[90m [39m[90mit throws exception when postal code has no results[39m[90m                                                                                                 [39m [90m0.04s[39m  

  [30;42;1m PASS [39;49;22m[39m Tests\Feature\Subscription\TrialTest[39m
  [32;1m✓[39;22m[90m [39m[90mtenant can have active trial[39m[90m                                                                                                                        [39m [90m0.06s[39m  
  [32;1m✓[39;22m[90m [39m[90mtenant can have expired trial[39m[90m                                                                                                                       [39m [90m0.04s[39m  
  [32;1m✓[39;22m[90m [39m[90mtrial duration is configurable[39m[90m                                                                                                                      [39m [90m0.04s[39m  

  [30;42;1m PASS [39;49;22m[39m Tests\Feature\Tenancy\ResolveTenantMiddlewareTest[39m
  [32;1m✓[39;22m[90m [39m[90mauthenticated user tenant is resolved automatically[39m[90m                                                                                                 [39m [90m0.06s[39m  
  [32;1m✓[39;22m[90m [39m[90mauthenticated user only sees records from own tenant[39m[90m                                                                                                [39m [90m0.06s[39m  

  [30;42;1m PASS [39;49;22m[39m Tests\Feature\Tenancy\TenantIsolationTest[39m
  [32;1m✓[39;22m[90m [39m[90mdoctor profiles are filtered by current tenant[39m[90m                                                                                                      [39m [90m0.05s[39m  
  [32;1m✓[39;22m[90m [39m[90mtenant id is assigned automatically when creating model[39m[90m                                                                                             [39m [90m0.05s[39m  
  [32;1m✓[39;22m[90m [39m[90mtenant context is registered as singleton[39m[90m                                                                                                           [39m [90m0.04s[39m  
  [32;1m✓[39;22m[90m [39m[90mtenant model returns no records without current tenant[39m[90m                                                                                              [39m [90m0.05s[39m  
  [32;1m✓[39;22m[90m [39m[90mcreating tenant model without tenant context fails[39m[90m                                                                                                  [39m [90m0.05s[39m  
  [31m────────────────────────────────────────────────────────────────────────────────────────────────────────────────────────────────────────────────────────────[39m  
  [41;1m FAILED [49;22m [1mTests\Feature\Appointments\AppointmentConsultationFlowTest[22m [90m>[39m consultation form loads in progress appointment                                         
[39;1m  Expected response status code [200] but received 404.
Failed asserting that 404 is identical to 200.[39;22m

  at [32mtests\Feature\Appointments\AppointmentConsultationFlowTest.php[39m:[32m116[39m
    [90m112[0m[90m▕ [0m[35;1m                        [0m[37m'appointment' [0m[35;1m=> [0m[39;1m$appointment[0m[35;1m->[0m[39;1muuid[0m[35;1m,[0m
    [90m113[0m[90m▕ [0m[35;1m                    ][0m
    [90m114[0m[90m▕ [0m[35;1m                )[0m
    [90m115[0m[90m▕ [0m[35;1m            )[0m
[31;1m  ➜ [0m[3;1m116[0m[90m▕ [0m[35;1m            ->[0m[39;1massertOk[0m[35;1m()[0m
    [90m117[0m[90m▕ [0m[35;1m            ->[0m[39;1massertSee[0m[35;1m([0m[37m'Consulta iniciada desde una cita'[0m[35;1m)[0m
    [90m118[0m[90m▕ [0m[35;1m            ->[0m[39;1massertSee[0m[35;1m([0m[37m'En atención'[0m[35;1m);[0m
    [90m119[0m[90m▕ [0m[35;1m    }[0m
    [90m120[0m[90m▕ [0m

  [31m────────────────────────────────────────────────────────────────────────────────────────────────────────────────────────────────────────────────────────────[39m  
  [41;1m FAILED [49;22m [1mTests\Feature\Appointments\AppointmentConsultationFlowTest[22m [90m>[39m consultation created from appointment is linked to appoint… [41;1m InvalidArgumentException [49;22m  
[39;1m  Invalid Livewire snapshot structure: expected [data], [memo], [checksum], [memo.id], and [memo.name].[39;22m

  at [32mvendor\livewire\livewire\src\Mechanisms\HandleComponents\HandleComponents.php[39m:[32m193[39m
    [90m189[0m[90m▕ [0m[35;1m            || ! [0m[39;1mis_string[0m[35;1m([0m[39;1m$snapshot[0m[35;1m[[0m[37m'checksum'[0m[35;1m] ?? [0m[39;1mnull[0m[35;1m)[0m
    [90m190[0m[90m▕ [0m[35;1m            || ! [0m[39;1mis_string[0m[35;1m([0m[39;1m$snapshot[0m[35;1m[[0m[37m'memo'[0m[35;1m][[0m[37m'id'[0m[35;1m] ?? [0m[39;1mnull[0m[35;1m)[0m
    [90m191[0m[90m▕ [0m[35;1m            || ! [0m[39;1mis_string[0m[35;1m([0m[39;1m$snapshot[0m[35;1m[[0m[37m'memo'[0m[35;1m][[0m[37m'name'[0m[35;1m] ?? [0m[39;1mnull[0m[35;1m)[0m
    [90m192[0m[90m▕ [0m[35;1m        ) {[0m
[31;1m  ➜ [0m[3;1m193[0m[90m▕ [0m[35;1m            if ([0m[39;1mconfig[0m[35;1m([0m[37m'app.debug'[0m[35;1m)) throw new \InvalidArgumentException([0m[37m'Invalid Livewire snapshot structure: expected [data], [memo], [checksum], [memo.id], and [memo.name].'[0m[35;1m);[0m
    [90m194[0m[90m▕ [0m
    [90m195[0m[90m▕ [0m[35;1m            [0m[39;1mabort[0m[35;1m([0m[39;1m404[0m[35;1m);[0m
    [90m196[0m[90m▕ [0m[35;1m        }[0m
    [90m197[0m[90m▕ [0m

  [33m1   [39m[39;1mvendor\livewire\livewire\src\Mechanisms\HandleComponents\HandleComponents.php[39;22m:[39;1m193[39;22m
  [33m2   [39m[39;1mvendor\livewire\livewire\src\LivewireManager.php[39;22m:[39;1m132[39;22m

  [31m────────────────────────────────────────────────────────────────────────────────────────────────────────────────────────────────────────────────────────────[39m  
  [41;1m FAILED [49;22m [1mTests\Feature\Appointments\AppointmentConsultationFlowTest[22m [90m>[39m saving consultation completes appointment automatically     [41;1m InvalidArgumentException [49;22m  
[39;1m  Invalid Livewire snapshot structure: expected [data], [memo], [checksum], [memo.id], and [memo.name].[39;22m

  at [32mvendor\livewire\livewire\src\Mechanisms\HandleComponents\HandleComponents.php[39m:[32m193[39m
    [90m189[0m[90m▕ [0m[35;1m            || ! [0m[39;1mis_string[0m[35;1m([0m[39;1m$snapshot[0m[35;1m[[0m[37m'checksum'[0m[35;1m] ?? [0m[39;1mnull[0m[35;1m)[0m
    [90m190[0m[90m▕ [0m[35;1m            || ! [0m[39;1mis_string[0m[35;1m([0m[39;1m$snapshot[0m[35;1m[[0m[37m'memo'[0m[35;1m][[0m[37m'id'[0m[35;1m] ?? [0m[39;1mnull[0m[35;1m)[0m
    [90m191[0m[90m▕ [0m[35;1m            || ! [0m[39;1mis_string[0m[35;1m([0m[39;1m$snapshot[0m[35;1m[[0m[37m'memo'[0m[35;1m][[0m[37m'name'[0m[35;1m] ?? [0m[39;1mnull[0m[35;1m)[0m
    [90m192[0m[90m▕ [0m[35;1m        ) {[0m
[31;1m  ➜ [0m[3;1m193[0m[90m▕ [0m[35;1m            if ([0m[39;1mconfig[0m[35;1m([0m[37m'app.debug'[0m[35;1m)) throw new \InvalidArgumentException([0m[37m'Invalid Livewire snapshot structure: expected [data], [memo], [checksum], [memo.id], and [memo.name].'[0m[35;1m);[0m
    [90m194[0m[90m▕ [0m
    [90m195[0m[90m▕ [0m[35;1m            [0m[39;1mabort[0m[35;1m([0m[39;1m404[0m[35;1m);[0m
    [90m196[0m[90m▕ [0m[35;1m        }[0m
    [90m197[0m[90m▕ [0m

  [33m1   [39m[39;1mvendor\livewire\livewire\src\Mechanisms\HandleComponents\HandleComponents.php[39;22m:[39;1m193[39;22m
  [33m2   [39m[39;1mvendor\livewire\livewire\src\LivewireManager.php[39;22m:[39;1m132[39;22m

  [31m────────────────────────────────────────────────────────────────────────────────────────────────────────────────────────────────────────────────────────────[39m  
  [41;1m FAILED [49;22m [1mTests\Feature\Appointments\AppointmentConsultationFlowTest[22m [90m>[39m consultation created without appointment still works         [41;1m MethodNotFoundException [49;22m  
[39;1m  Unable to call component method. Public method [saveConsultation] not found on component[39;22m

  at [32mvendor\livewire\livewire\src\Mechanisms\HandleComponents\HandleComponents.php[39m:[32m574[39m
    [90m570[0m[90m▕ [0m[35;1m            [0m[90;3m// @todo: put this in a better place:[0m
    [90m571[0m[90m▕ [0m[90;3m            [0m[39;1m$methods[0m[35;1m[] = [0m[37m'__dispatch'[0m[35;1m;[0m
    [90m572[0m[90m▕ [0m
    [90m573[0m[90m▕ [0m[35;1m            if (! [0m[39;1min_array[0m[35;1m([0m[39;1m$method[0m[35;1m, [0m[39;1m$methods[0m[35;1m)) {[0m
[31;1m  ➜ [0m[3;1m574[0m[90m▕ [0m[35;1m                throw new [0m[39;1mMethodNotFoundException[0m[35;1m([0m[39;1m$method[0m[35;1m);[0m
    [90m575[0m[90m▕ [0m[35;1m            }[0m
    [90m576[0m[90m▕ [0m
    [90m577[0m[90m▕ [0m[35;1m            if ([0m[39;1mconfig[0m[35;1m([0m[37m'app.debug'[0m[35;1m)) [0m[39;1m$start [0m[35;1m= [0m[39;1mmicrotime[0m[35;1m([0m[39;1mtrue[0m[35;1m);[0m
    [90m578[0m[90m▕ [0m[35;1m            [0m[39;1m$return [0m[35;1m= [0m[39;1mwrap[0m[35;1m([0m[39;1m$root[0m[35;1m)->{[0m[39;1m$method[0m[35;1m}(...[0m[39;1m$params[0m[35;1m);[0m

  [33m1   [39m[39;1mvendor\livewire\livewire\src\Mechanisms\HandleComponents\HandleComponents.php[39;22m:[39;1m574[39;22m
  [33m2   [39m[39;1mvendor\livewire\livewire\src\Mechanisms\HandleComponents\HandleComponents.php[39;22m:[39;1m223[39;22m

  [31m────────────────────────────────────────────────────────────────────────────────────────────────────────────────────────────────────────────────────────────[39m  
  [41;1m FAILED [49;22m [1mTests\Feature\Appointments\AppointmentShowTest[22m [90m>[39m consultation form precloads appointment reason                                                      
[39;1m  Failed asserting that null matches expected 'Consulta general'.[39;22m

  at [32mvendor\livewire\livewire\src\Features\SupportTesting\MakesAssertions.php[39m:[32m134[39m
    [90m130[0m[90m▕ [0m
    [90m131[0m[90m▕ [0m[35;1m        if (! [0m[39;1mis_string[0m[35;1m([0m[39;1m$value[0m[35;1m) && [0m[39;1mis_callable[0m[35;1m([0m[39;1m$value[0m[35;1m)) {[0m
    [90m132[0m[90m▕ [0m[35;1m            [0m[39;1mPHPUnit[0m[35;1m::[0m[39;1massertTrue[0m[35;1m([0m[39;1m$value[0m[35;1m([0m[39;1m$actual[0m[35;1m));[0m
    [90m133[0m[90m▕ [0m[35;1m        } else {[0m
[31;1m  ➜ [0m[3;1m134[0m[90m▕ [0m[35;1m            [0m[39;1m$strict [0m[35;1m? [0m[39;1mPHPUnit[0m[35;1m::[0m[39;1massertSame[0m[35;1m([0m[39;1m$value[0m[35;1m, [0m[39;1m$actual[0m[35;1m) : [0m[39;1mPHPUnit[0m[35;1m::[0m[39;1massertEquals[0m[35;1m([0m[39;1m$value[0m[35;1m, [0m[39;1m$actual[0m[35;1m);[0m
    [90m135[0m[90m▕ [0m[35;1m        }[0m
    [90m136[0m[90m▕ [0m
    [90m137[0m[90m▕ [0m[35;1m        return [0m[39;1m$this[0m[35;1m;[0m
    [90m138[0m[90m▕ [0m[35;1m    }[0m

  [33m1   [39m[39;1mvendor\livewire\livewire\src\Features\SupportTesting\MakesAssertions.php[39;22m:[39;1m134[39;22m
  [33m2   [39m[39;1mtests\Feature\Appointments\AppointmentShowTest.php[39;22m:[39;1m268[39;22m

  [31m────────────────────────────────────────────────────────────────────────────────────────────────────────────────────────────────────────────────────────────[39m  
  [41;1m FAILED [49;22m [1mTests\Feature\Appointments\AppointmentShowTest[22m [90m>[39m saving consultation links it to appointment and completes appointment   [41;1m InvalidArgumentException [49;22m  
[39;1m  Invalid Livewire snapshot structure: expected [data], [memo], [checksum], [memo.id], and [memo.name].[39;22m

  at [32mvendor\livewire\livewire\src\Mechanisms\HandleComponents\HandleComponents.php[39m:[32m193[39m
    [90m189[0m[90m▕ [0m[35;1m            || ! [0m[39;1mis_string[0m[35;1m([0m[39;1m$snapshot[0m[35;1m[[0m[37m'checksum'[0m[35;1m] ?? [0m[39;1mnull[0m[35;1m)[0m
    [90m190[0m[90m▕ [0m[35;1m            || ! [0m[39;1mis_string[0m[35;1m([0m[39;1m$snapshot[0m[35;1m[[0m[37m'memo'[0m[35;1m][[0m[37m'id'[0m[35;1m] ?? [0m[39;1mnull[0m[35;1m)[0m
    [90m191[0m[90m▕ [0m[35;1m            || ! [0m[39;1mis_string[0m[35;1m([0m[39;1m$snapshot[0m[35;1m[[0m[37m'memo'[0m[35;1m][[0m[37m'name'[0m[35;1m] ?? [0m[39;1mnull[0m[35;1m)[0m
    [90m192[0m[90m▕ [0m[35;1m        ) {[0m
[31;1m  ➜ [0m[3;1m193[0m[90m▕ [0m[35;1m            if ([0m[39;1mconfig[0m[35;1m([0m[37m'app.debug'[0m[35;1m)) throw new \InvalidArgumentException([0m[37m'Invalid Livewire snapshot structure: expected [data], [memo], [checksum], [memo.id], and [memo.name].'[0m[35;1m);[0m
    [90m194[0m[90m▕ [0m
    [90m195[0m[90m▕ [0m[35;1m            [0m[39;1mabort[0m[35;1m([0m[39;1m404[0m[35;1m);[0m
    [90m196[0m[90m▕ [0m[35;1m        }[0m
    [90m197[0m[90m▕ [0m

  [33m1   [39m[39;1mvendor\livewire\livewire\src\Mechanisms\HandleComponents\HandleComponents.php[39;22m:[39;1m193[39;22m
  [33m2   [39m[39;1mvendor\livewire\livewire\src\LivewireManager.php[39;22m:[39;1m132[39;22m

  [31m────────────────────────────────────────────────────────────────────────────────────────────────────────────────────────────────────────────────────────────[39m  
  [41;1m FAILED [49;22m [1mTests\Feature\Consultations\ConsultationFlowTest[22m [90m>[39m user can create consultation for patient                               [41;1m MethodNotFoundException [49;22m  
[39;1m  Unable to call component method. Public method [saveConsultation] not found on component[39;22m

  at [32mvendor\livewire\livewire\src\Mechanisms\HandleComponents\HandleComponents.php[39m:[32m574[39m
    [90m570[0m[90m▕ [0m[35;1m            [0m[90;3m// @todo: put this in a better place:[0m
    [90m571[0m[90m▕ [0m[90;3m            [0m[39;1m$methods[0m[35;1m[] = [0m[37m'__dispatch'[0m[35;1m;[0m
    [90m572[0m[90m▕ [0m
    [90m573[0m[90m▕ [0m[35;1m            if (! [0m[39;1min_array[0m[35;1m([0m[39;1m$method[0m[35;1m, [0m[39;1m$methods[0m[35;1m)) {[0m
[31;1m  ➜ [0m[3;1m574[0m[90m▕ [0m[35;1m                throw new [0m[39;1mMethodNotFoundException[0m[35;1m([0m[39;1m$method[0m[35;1m);[0m
    [90m575[0m[90m▕ [0m[35;1m            }[0m
    [90m576[0m[90m▕ [0m
    [90m577[0m[90m▕ [0m[35;1m            if ([0m[39;1mconfig[0m[35;1m([0m[37m'app.debug'[0m[35;1m)) [0m[39;1m$start [0m[35;1m= [0m[39;1mmicrotime[0m[35;1m([0m[39;1mtrue[0m[35;1m);[0m
    [90m578[0m[90m▕ [0m[35;1m            [0m[39;1m$return [0m[35;1m= [0m[39;1mwrap[0m[35;1m([0m[39;1m$root[0m[35;1m)->{[0m[39;1m$method[0m[35;1m}(...[0m[39;1m$params[0m[35;1m);[0m

  [33m1   [39m[39;1mvendor\livewire\livewire\src\Mechanisms\HandleComponents\HandleComponents.php[39;22m:[39;1m574[39;22m
  [33m2   [39m[39;1mvendor\livewire\livewire\src\Mechanisms\HandleComponents\HandleComponents.php[39;22m:[39;1m223[39;22m

  [31m────────────────────────────────────────────────────────────────────────────────────────────────────────────────────────────────────────────────────────────[39m  
  [41;1m FAILED [49;22m [1mTests\Feature\Consultations\ConsultationFlowTest[22m [90m>[39m consultation requires date                                             [41;1m MethodNotFoundException [49;22m  
[39;1m  Unable to call component method. Public method [saveConsultation] not found on component[39;22m

  at [32mvendor\livewire\livewire\src\Mechanisms\HandleComponents\HandleComponents.php[39m:[32m574[39m
    [90m570[0m[90m▕ [0m[35;1m            [0m[90;3m// @todo: put this in a better place:[0m
    [90m571[0m[90m▕ [0m[90;3m            [0m[39;1m$methods[0m[35;1m[] = [0m[37m'__dispatch'[0m[35;1m;[0m
    [90m572[0m[90m▕ [0m
    [90m573[0m[90m▕ [0m[35;1m            if (! [0m[39;1min_array[0m[35;1m([0m[39;1m$method[0m[35;1m, [0m[39;1m$methods[0m[35;1m)) {[0m
[31;1m  ➜ [0m[3;1m574[0m[90m▕ [0m[35;1m                throw new [0m[39;1mMethodNotFoundException[0m[35;1m([0m[39;1m$method[0m[35;1m);[0m
    [90m575[0m[90m▕ [0m[35;1m            }[0m
    [90m576[0m[90m▕ [0m
    [90m577[0m[90m▕ [0m[35;1m            if ([0m[39;1mconfig[0m[35;1m([0m[37m'app.debug'[0m[35;1m)) [0m[39;1m$start [0m[35;1m= [0m[39;1mmicrotime[0m[35;1m([0m[39;1mtrue[0m[35;1m);[0m
    [90m578[0m[90m▕ [0m[35;1m            [0m[39;1m$return [0m[35;1m= [0m[39;1mwrap[0m[35;1m([0m[39;1m$root[0m[35;1m)->{[0m[39;1m$method[0m[35;1m}(...[0m[39;1m$params[0m[35;1m);[0m

  [33m1   [39m[39;1mvendor\livewire\livewire\src\Mechanisms\HandleComponents\HandleComponents.php[39;22m:[39;1m574[39;22m
  [33m2   [39m[39;1mvendor\livewire\livewire\src\Mechanisms\HandleComponents\HandleComponents.php[39;22m:[39;1m223[39;22m

  [31m────────────────────────────────────────────────────────────────────────────────────────────────────────────────────────────────────────────────────────────[39m  
  [41;1m FAILED [49;22m [1mTests\Feature\Consultations\ConsultationFlowTest[22m [90m>[39m consultation rejects invalid vital signs                               [41;1m MethodNotFoundException [49;22m  
[39;1m  Unable to call component method. Public method [saveConsultation] not found on component[39;22m

  at [32mvendor\livewire\livewire\src\Mechanisms\HandleComponents\HandleComponents.php[39m:[32m574[39m
    [90m570[0m[90m▕ [0m[35;1m            [0m[90;3m// @todo: put this in a better place:[0m
    [90m571[0m[90m▕ [0m[90;3m            [0m[39;1m$methods[0m[35;1m[] = [0m[37m'__dispatch'[0m[35;1m;[0m
    [90m572[0m[90m▕ [0m
    [90m573[0m[90m▕ [0m[35;1m            if (! [0m[39;1min_array[0m[35;1m([0m[39;1m$method[0m[35;1m, [0m[39;1m$methods[0m[35;1m)) {[0m
[31;1m  ➜ [0m[3;1m574[0m[90m▕ [0m[35;1m                throw new [0m[39;1mMethodNotFoundException[0m[35;1m([0m[39;1m$method[0m[35;1m);[0m
    [90m575[0m[90m▕ [0m[35;1m            }[0m
    [90m576[0m[90m▕ [0m
    [90m577[0m[90m▕ [0m[35;1m            if ([0m[39;1mconfig[0m[35;1m([0m[37m'app.debug'[0m[35;1m)) [0m[39;1m$start [0m[35;1m= [0m[39;1mmicrotime[0m[35;1m([0m[39;1mtrue[0m[35;1m);[0m
    [90m578[0m[90m▕ [0m[35;1m            [0m[39;1m$return [0m[35;1m= [0m[39;1mwrap[0m[35;1m([0m[39;1m$root[0m[35;1m)->{[0m[39;1m$method[0m[35;1m}(...[0m[39;1m$params[0m[35;1m);[0m

  [33m1   [39m[39;1mvendor\livewire\livewire\src\Mechanisms\HandleComponents\HandleComponents.php[39;22m:[39;1m574[39;22m
  [33m2   [39m[39;1mvendor\livewire\livewire\src\Mechanisms\HandleComponents\HandleComponents.php[39;22m:[39;1m223[39;22m

  [31m────────────────────────────────────────────────────────────────────────────────────────────────────────────────────────────────────────────────────────────[39m  
  [41;1m FAILED [49;22m [1mTests\Feature\Consultations\ConsultationFlowTest[22m [90m>[39m consultation is associated with authenticated doctor                   [41;1m MethodNotFoundException [49;22m  
[39;1m  Unable to call component method. Public method [saveConsultation] not found on component[39;22m

  at [32mvendor\livewire\livewire\src\Mechanisms\HandleComponents\HandleComponents.php[39m:[32m574[39m
    [90m570[0m[90m▕ [0m[35;1m            [0m[90;3m// @todo: put this in a better place:[0m
    [90m571[0m[90m▕ [0m[90;3m            [0m[39;1m$methods[0m[35;1m[] = [0m[37m'__dispatch'[0m[35;1m;[0m
    [90m572[0m[90m▕ [0m
    [90m573[0m[90m▕ [0m[35;1m            if (! [0m[39;1min_array[0m[35;1m([0m[39;1m$method[0m[35;1m, [0m[39;1m$methods[0m[35;1m)) {[0m
[31;1m  ➜ [0m[3;1m574[0m[90m▕ [0m[35;1m                throw new [0m[39;1mMethodNotFoundException[0m[35;1m([0m[39;1m$method[0m[35;1m);[0m
    [90m575[0m[90m▕ [0m[35;1m            }[0m
    [90m576[0m[90m▕ [0m
    [90m577[0m[90m▕ [0m[35;1m            if ([0m[39;1mconfig[0m[35;1m([0m[37m'app.debug'[0m[35;1m)) [0m[39;1m$start [0m[35;1m= [0m[39;1mmicrotime[0m[35;1m([0m[39;1mtrue[0m[35;1m);[0m
    [90m578[0m[90m▕ [0m[35;1m            [0m[39;1m$return [0m[35;1m= [0m[39;1mwrap[0m[35;1m([0m[39;1m$root[0m[35;1m)->{[0m[39;1m$method[0m[35;1m}(...[0m[39;1m$params[0m[35;1m);[0m

  [33m1   [39m[39;1mvendor\livewire\livewire\src\Mechanisms\HandleComponents\HandleComponents.php[39;22m:[39;1m574[39;22m
  [33m2   [39m[39;1mvendor\livewire\livewire\src\Mechanisms\HandleComponents\HandleComponents.php[39;22m:[39;1m223[39;22m


  [90mTests:[39m    [31;1m10 failed[39;22m[90m,[39m[39m [39m[32;1m363 passed[39;22m[90m (1037 assertions)[39m
  [90mDuration:[39m [39m46.83s[39m

